<?xml version="1.0" encoding="UTF-8"?>
<testsuites name="jest tests" tests="16" failures="15" errors="0" time="35.65">
  <testsuite name="Google Calendar Service - Extended Tests" errors="0" failures="15" skipped="0" timestamp="2025-05-28T12:43:17" time="28.692" tests="16">
    <testcase classname="Google Calendar Service - Extended Tests getOAuth2Client should create an OAuth2 client with the correct configuration" name="Google Calendar Service - Extended Tests getOAuth2Client should create an OAuth2 client with the correct configuration" time="0.006">
      <failure>Error: expect(received).toHaveBeenCalledWith(...expected)

Matcher error: received value must be a mock or spy function

Received has type:  function
Received has value: [Function OAuth2Client]
    at Object.toHaveBeenCalledWith (D:\Local_Git\FinCRuM\src\services\__tests__\google-calendar.extended.test.ts:141:59)
    at Promise.then.completed (D:\Local_Git\FinCRuM\node_modules\jest-circus\build\utils.js:298:28)
    at new Promise (&lt;anonymous&gt;)
    at callAsyncCircusFn (D:\Local_Git\FinCRuM\node_modules\jest-circus\build\utils.js:231:10)
    at _callCircusTest (D:\Local_Git\FinCRuM\node_modules\jest-circus\build\run.js:316:40)
    at processTicksAndRejections (node:internal/process/task_queues:105:5)
    at _runTest (D:\Local_Git\FinCRuM\node_modules\jest-circus\build\run.js:252:3)
    at _runTestsForDescribeBlock (D:\Local_Git\FinCRuM\node_modules\jest-circus\build\run.js:126:9)
    at _runTestsForDescribeBlock (D:\Local_Git\FinCRuM\node_modules\jest-circus\build\run.js:121:9)
    at _runTestsForDescribeBlock (D:\Local_Git\FinCRuM\node_modules\jest-circus\build\run.js:121:9)
    at run (D:\Local_Git\FinCRuM\node_modules\jest-circus\build\run.js:71:3)
    at runAndTransformResultsToJestFormat (D:\Local_Git\FinCRuM\node_modules\jest-circus\build\legacy-code-todo-rewrite\jestAdapterInit.js:122:21)
    at jestAdapter (D:\Local_Git\FinCRuM\node_modules\jest-circus\build\legacy-code-todo-rewrite\jestAdapter.js:79:19)
    at runTestInternal (D:\Local_Git\FinCRuM\node_modules\jest-runner\build\runTest.js:367:16)
    at runTest (D:\Local_Git\FinCRuM\node_modules\jest-runner\build\runTest.js:444:34)</failure>
    </testcase>
    <testcase classname="Google Calendar Service - Extended Tests getCalendarClient should create a calendar client with the provided tokens" name="Google Calendar Service - Extended Tests getCalendarClient should create a calendar client with the provided tokens" time="0.002">
    </testcase>
    <testcase classname="Google Calendar Service - Extended Tests generateGoogleAuthUrl should generate a Google OAuth URL with default scopes" name="Google Calendar Service - Extended Tests generateGoogleAuthUrl should generate a Google OAuth URL with default scopes" time="0.003">
      <failure>Error: expect(received).toBe(expected) // Object.is equality

Expected: &quot;https://accounts.google.com/o/oauth2/auth&quot;
Received: &quot;https://accounts.google.com/o/oauth2/v2/auth?access_type=offline&amp;scope=https%3A%2F%2Fwww.googleapis.com%2Fauth%2Fcalendar%20https%3A%2F%2Fwww.googleapis.com%2Fauth%2Fcalendar.events&amp;prompt=consent&amp;response_type=code&amp;client_id=&amp;redirect_uri=&quot;
    at Object.toBe (D:\Local_Git\FinCRuM\src\services\__tests__\google-calendar.extended.test.ts:163:19)
    at processTicksAndRejections (node:internal/process/task_queues:105:5)</failure>
    </testcase>
    <testcase classname="Google Calendar Service - Extended Tests generateGoogleAuthUrl should generate a Google OAuth URL with custom scopes" name="Google Calendar Service - Extended Tests generateGoogleAuthUrl should generate a Google OAuth URL with custom scopes" time="0.001">
      <failure>TypeError: Cannot read properties of undefined (reading &apos;results&apos;)
    at Object.&lt;anonymous&gt; (D:\Local_Git\FinCRuM\src\services\__tests__\google-calendar.extended.test.ts:169:76)
    at processTicksAndRejections (node:internal/process/task_queues:105:5)</failure>
    </testcase>
    <testcase classname="Google Calendar Service - Extended Tests exchangeCodeForTokens should exchange an authorization code for tokens" name="Google Calendar Service - Extended Tests exchangeCodeForTokens should exchange an authorization code for tokens" time="1.129">
      <failure>Error: Failed to exchange authorization code for tokens: invalid_request
    at exchangeCodeForTokens (D:\Local_Git\FinCRuM\src\services\google-calendar.ts:73:11)
    at processTicksAndRejections (node:internal/process/task_queues:105:5)
    at Object.&lt;anonymous&gt; (D:\Local_Git\FinCRuM\src\services\__tests__\google-calendar.extended.test.ts:180:22)</failure>
    </testcase>
    <testcase classname="Google Calendar Service - Extended Tests exchangeCodeForTokens should throw an error if token exchange fails" name="Google Calendar Service - Extended Tests exchangeCodeForTokens should throw an error if token exchange fails" time="0">
      <failure>TypeError: Cannot read properties of undefined (reading &apos;results&apos;)
    at Object.&lt;anonymous&gt; (D:\Local_Git\FinCRuM\src\services\__tests__\google-calendar.extended.test.ts:190:76)
    at Promise.then.completed (D:\Local_Git\FinCRuM\node_modules\jest-circus\build\utils.js:298:28)
    at new Promise (&lt;anonymous&gt;)
    at callAsyncCircusFn (D:\Local_Git\FinCRuM\node_modules\jest-circus\build\utils.js:231:10)
    at _callCircusTest (D:\Local_Git\FinCRuM\node_modules\jest-circus\build\run.js:316:40)
    at processTicksAndRejections (node:internal/process/task_queues:105:5)
    at _runTest (D:\Local_Git\FinCRuM\node_modules\jest-circus\build\run.js:252:3)
    at _runTestsForDescribeBlock (D:\Local_Git\FinCRuM\node_modules\jest-circus\build\run.js:126:9)
    at _runTestsForDescribeBlock (D:\Local_Git\FinCRuM\node_modules\jest-circus\build\run.js:121:9)
    at _runTestsForDescribeBlock (D:\Local_Git\FinCRuM\node_modules\jest-circus\build\run.js:121:9)
    at run (D:\Local_Git\FinCRuM\node_modules\jest-circus\build\run.js:71:3)
    at runAndTransformResultsToJestFormat (D:\Local_Git\FinCRuM\node_modules\jest-circus\build\legacy-code-todo-rewrite\jestAdapterInit.js:122:21)
    at jestAdapter (D:\Local_Git\FinCRuM\node_modules\jest-circus\build\legacy-code-todo-rewrite\jestAdapter.js:79:19)
    at runTestInternal (D:\Local_Git\FinCRuM\node_modules\jest-runner\build\runTest.js:367:16)
    at runTest (D:\Local_Git\FinCRuM\node_modules\jest-runner\build\runTest.js:444:34)</failure>
    </testcase>
    <testcase classname="Google Calendar Service - Extended Tests mapToGoogleCalendarEvent should map a task to a Google Calendar event" name="Google Calendar Service - Extended Tests mapToGoogleCalendarEvent should map a task to a Google Calendar event" time="0">
      <failure>TypeError: (0 , _googleCalendar.mapToGoogleCalendarEvent) is not a function
    at Object.&lt;anonymous&gt; (D:\Local_Git\FinCRuM\src\services\__tests__\google-calendar.extended.test.ts:201:45)
    at Promise.then.completed (D:\Local_Git\FinCRuM\node_modules\jest-circus\build\utils.js:298:28)
    at new Promise (&lt;anonymous&gt;)
    at callAsyncCircusFn (D:\Local_Git\FinCRuM\node_modules\jest-circus\build\utils.js:231:10)
    at _callCircusTest (D:\Local_Git\FinCRuM\node_modules\jest-circus\build\run.js:316:40)
    at processTicksAndRejections (node:internal/process/task_queues:105:5)
    at _runTest (D:\Local_Git\FinCRuM\node_modules\jest-circus\build\run.js:252:3)
    at _runTestsForDescribeBlock (D:\Local_Git\FinCRuM\node_modules\jest-circus\build\run.js:126:9)
    at _runTestsForDescribeBlock (D:\Local_Git\FinCRuM\node_modules\jest-circus\build\run.js:121:9)
    at _runTestsForDescribeBlock (D:\Local_Git\FinCRuM\node_modules\jest-circus\build\run.js:121:9)
    at run (D:\Local_Git\FinCRuM\node_modules\jest-circus\build\run.js:71:3)
    at runAndTransformResultsToJestFormat (D:\Local_Git\FinCRuM\node_modules\jest-circus\build\legacy-code-todo-rewrite\jestAdapterInit.js:122:21)
    at jestAdapter (D:\Local_Git\FinCRuM\node_modules\jest-circus\build\legacy-code-todo-rewrite\jestAdapter.js:79:19)
    at runTestInternal (D:\Local_Git\FinCRuM\node_modules\jest-runner\build\runTest.js:367:16)
    at runTest (D:\Local_Git\FinCRuM\node_modules\jest-runner\build\runTest.js:444:34)</failure>
    </testcase>
    <testcase classname="Google Calendar Service - Extended Tests mapToGoogleCalendarEvent should map a reminder to a Google Calendar event" name="Google Calendar Service - Extended Tests mapToGoogleCalendarEvent should map a reminder to a Google Calendar event" time="0">
      <failure>TypeError: (0 , _googleCalendar.mapToGoogleCalendarEvent) is not a function
    at Object.&lt;anonymous&gt; (D:\Local_Git\FinCRuM\src\services\__tests__\google-calendar.extended.test.ts:213:45)
    at Promise.then.completed (D:\Local_Git\FinCRuM\node_modules\jest-circus\build\utils.js:298:28)
    at new Promise (&lt;anonymous&gt;)
    at callAsyncCircusFn (D:\Local_Git\FinCRuM\node_modules\jest-circus\build\utils.js:231:10)
    at _callCircusTest (D:\Local_Git\FinCRuM\node_modules\jest-circus\build\run.js:316:40)
    at processTicksAndRejections (node:internal/process/task_queues:105:5)
    at _runTest (D:\Local_Git\FinCRuM\node_modules\jest-circus\build\run.js:252:3)
    at _runTestsForDescribeBlock (D:\Local_Git\FinCRuM\node_modules\jest-circus\build\run.js:126:9)
    at _runTestsForDescribeBlock (D:\Local_Git\FinCRuM\node_modules\jest-circus\build\run.js:121:9)
    at _runTestsForDescribeBlock (D:\Local_Git\FinCRuM\node_modules\jest-circus\build\run.js:121:9)
    at run (D:\Local_Git\FinCRuM\node_modules\jest-circus\build\run.js:71:3)
    at runAndTransformResultsToJestFormat (D:\Local_Git\FinCRuM\node_modules\jest-circus\build\legacy-code-todo-rewrite\jestAdapterInit.js:122:21)
    at jestAdapter (D:\Local_Git\FinCRuM\node_modules\jest-circus\build\legacy-code-todo-rewrite\jestAdapter.js:79:19)
    at runTestInternal (D:\Local_Git\FinCRuM\node_modules\jest-runner\build\runTest.js:367:16)
    at runTest (D:\Local_Git\FinCRuM\node_modules\jest-runner\build\runTest.js:444:34)</failure>
    </testcase>
    <testcase classname="Google Calendar Service - Extended Tests mapToGoogleCalendarEvent should map an appointment to a Google Calendar event with attendees" name="Google Calendar Service - Extended Tests mapToGoogleCalendarEvent should map an appointment to a Google Calendar event with attendees" time="0">
      <failure>TypeError: (0 , _googleCalendar.mapToGoogleCalendarEvent) is not a function
    at Object.&lt;anonymous&gt; (D:\Local_Git\FinCRuM\src\services\__tests__\google-calendar.extended.test.ts:223:45)
    at Promise.then.completed (D:\Local_Git\FinCRuM\node_modules\jest-circus\build\utils.js:298:28)
    at new Promise (&lt;anonymous&gt;)
    at callAsyncCircusFn (D:\Local_Git\FinCRuM\node_modules\jest-circus\build\utils.js:231:10)
    at _callCircusTest (D:\Local_Git\FinCRuM\node_modules\jest-circus\build\run.js:316:40)
    at processTicksAndRejections (node:internal/process/task_queues:105:5)
    at _runTest (D:\Local_Git\FinCRuM\node_modules\jest-circus\build\run.js:252:3)
    at _runTestsForDescribeBlock (D:\Local_Git\FinCRuM\node_modules\jest-circus\build\run.js:126:9)
    at _runTestsForDescribeBlock (D:\Local_Git\FinCRuM\node_modules\jest-circus\build\run.js:121:9)
    at _runTestsForDescribeBlock (D:\Local_Git\FinCRuM\node_modules\jest-circus\build\run.js:121:9)
    at run (D:\Local_Git\FinCRuM\node_modules\jest-circus\build\run.js:71:3)
    at runAndTransformResultsToJestFormat (D:\Local_Git\FinCRuM\node_modules\jest-circus\build\legacy-code-todo-rewrite\jestAdapterInit.js:122:21)
    at jestAdapter (D:\Local_Git\FinCRuM\node_modules\jest-circus\build\legacy-code-todo-rewrite\jestAdapter.js:79:19)
    at runTestInternal (D:\Local_Git\FinCRuM\node_modules\jest-runner\build\runTest.js:367:16)
    at runTest (D:\Local_Git\FinCRuM\node_modules\jest-runner\build\runTest.js:444:34)</failure>
    </testcase>
    <testcase classname="Google Calendar Service - Extended Tests createCalendarEvent should create a new calendar event for a task" name="Google Calendar Service - Extended Tests createCalendarEvent should create a new calendar event for a task" time="0.088">
      <failure>Error: expect(jest.fn()).toHaveBeenCalledWith(...expected)

- Expected
+ Received

  Object {
    &quot;calendarId&quot;: &quot;primary&quot;,
-   &quot;conferenceDataVersion&quot;: 1,
-   &quot;requestBody&quot;: ObjectContaining {
+   &quot;conferenceDataVersion&quot;: 0,
+   &quot;requestBody&quot;: Object {
+     &quot;description&quot;: &quot;This is a test task
+
+ Checklist:
+ [ ] Task item 1
+ [x] Task item 2&quot;,
+     &quot;end&quot;: Object {
+       &quot;dateTime&quot;: &quot;2025-06-01T11:00:00.000Z&quot;,
+       &quot;timeZone&quot;: &quot;Asia/Calcutta&quot;,
+     },
+     &quot;reminders&quot;: Object {
+       &quot;useDefault&quot;: true,
+     },
+     &quot;start&quot;: Object {
+       &quot;dateTime&quot;: &quot;2025-06-01T10:00:00.000Z&quot;,
+       &quot;timeZone&quot;: &quot;Asia/Calcutta&quot;,
+     },
      &quot;summary&quot;: &quot;Task: Test Task&quot;,
    },
+   &quot;sendUpdates&quot;: &quot;all&quot;,
  },

Number of calls: 1
    at Object.toHaveBeenCalledWith (D:\Local_Git\FinCRuM\src\services\__tests__\google-calendar.extended.test.ts:242:47)
    at processTicksAndRejections (node:internal/process/task_queues:105:5)</failure>
    </testcase>
    <testcase classname="Google Calendar Service - Extended Tests createCalendarEvent should include conference data for online meetings" name="Google Calendar Service - Extended Tests createCalendarEvent should include conference data for online meetings" time="0.006">
      <failure>Error: expect(jest.fn()).toHaveBeenCalledWith(...expected)

Expected: ObjectContaining {&quot;requestBody&quot;: ObjectContaining {&quot;conferenceData&quot;: {&quot;createRequest&quot;: {&quot;conferenceSolutionKey&quot;: {&quot;type&quot;: &quot;hangoutsMeet&quot;}, &quot;requestId&quot;: Any&lt;String&gt;}}}}
Received: {&quot;calendarId&quot;: &quot;primary&quot;, &quot;conferenceDataVersion&quot;: 1, &quot;requestBody&quot;: {&quot;attendees&quot;: [{&quot;displayName&quot;: &quot;Attendee One&quot;, &quot;email&quot;: &quot;attendee1@example.com&quot;}, {&quot;displayName&quot;: &quot;Attendee Two&quot;, &quot;email&quot;: &quot;attendee2@example.com&quot;}], &quot;description&quot;: &quot;This is a test appointment&quot;, &quot;end&quot;: {&quot;dateTime&quot;: &quot;2025-06-02T11:00:00.000Z&quot;, &quot;timeZone&quot;: &quot;Asia/Calcutta&quot;}, &quot;reminders&quot;: {&quot;useDefault&quot;: true}, &quot;start&quot;: {&quot;dateTime&quot;: &quot;2025-06-02T10:00:00.000Z&quot;, &quot;timeZone&quot;: &quot;Asia/Calcutta&quot;}, &quot;summary&quot;: &quot;Test Appointment&quot;}, &quot;sendUpdates&quot;: &quot;all&quot;}

Number of calls: 1
    at Object.toHaveBeenCalledWith (D:\Local_Git\FinCRuM\src\services\__tests__\google-calendar.extended.test.ts:260:47)
    at processTicksAndRejections (node:internal/process/task_queues:105:5)</failure>
    </testcase>
    <testcase classname="Google Calendar Service - Extended Tests updateCalendarEvent should update an existing calendar event" name="Google Calendar Service - Extended Tests updateCalendarEvent should update an existing calendar event" time="0.007">
      <failure>Error: expect(jest.fn()).toHaveBeenCalledWith(...expected)

- Expected
+ Received

  Object {
    &quot;calendarId&quot;: &quot;primary&quot;,
    &quot;conferenceDataVersion&quot;: 1,
    &quot;eventId&quot;: &quot;event-123&quot;,
-   &quot;requestBody&quot;: Anything,
+   &quot;requestBody&quot;: Object {
+     &quot;attendees&quot;: Array [
+       Object {
+         &quot;displayName&quot;: &quot;Attendee One&quot;,
+         &quot;email&quot;: &quot;attendee1@example.com&quot;,
+       },
+       Object {
+         &quot;displayName&quot;: &quot;Attendee Two&quot;,
+         &quot;email&quot;: &quot;attendee2@example.com&quot;,
+       },
+     ],
+     &quot;description&quot;: &quot;This is a test appointment&quot;,
+     &quot;end&quot;: Object {
+       &quot;dateTime&quot;: &quot;2025-06-02T11:00:00.000Z&quot;,
+       &quot;timeZone&quot;: &quot;Asia/Calcutta&quot;,
+     },
+     &quot;reminders&quot;: Object {
+       &quot;useDefault&quot;: true,
+     },
+     &quot;start&quot;: Object {
+       &quot;dateTime&quot;: &quot;2025-06-02T10:00:00.000Z&quot;,
+       &quot;timeZone&quot;: &quot;Asia/Calcutta&quot;,
+     },
+     &quot;summary&quot;: &quot;Test Appointment&quot;,
+   },
+   &quot;sendUpdates&quot;: &quot;all&quot;,
  },

Number of calls: 1
    at Object.toHaveBeenCalledWith (D:\Local_Git\FinCRuM\src\services\__tests__\google-calendar.extended.test.ts:278:47)
    at processTicksAndRejections (node:internal/process/task_queues:105:5)</failure>
    </testcase>
    <testcase classname="Google Calendar Service - Extended Tests deleteCalendarEvent should delete an existing calendar event" name="Google Calendar Service - Extended Tests deleteCalendarEvent should delete an existing calendar event" time="0.005">
      <failure>Error: expect(received).toEqual(expected) // deep equality

- Expected  - 0
+ Received  + 7

  Object {
+   &quot;newTokens&quot;: Object {
+     &quot;access_token&quot;: &quot;test-access-token&quot;,
+     &quot;expiry_date&quot;: 1748439824921,
+     &quot;refresh_token&quot;: &quot;test-refresh-token&quot;,
+     &quot;scope&quot;: undefined,
+     &quot;token_type&quot;: undefined,
+   },
    &quot;success&quot;: true,
  }
    at Object.toEqual (D:\Local_Git\FinCRuM\src\services\__tests__\google-calendar.extended.test.ts:290:22)
    at processTicksAndRejections (node:internal/process/task_queues:105:5)</failure>
    </testcase>
    <testcase classname="Google Calendar Service - Extended Tests listCalendarEvents should list calendar events within the specified time range" name="Google Calendar Service - Extended Tests listCalendarEvents should list calendar events within the specified time range" time="0.005">
      <failure>Error: expect(jest.fn()).toHaveBeenCalledWith(...expected)

- Expected
+ Received

  Object {
    &quot;calendarId&quot;: &quot;primary&quot;,
    &quot;maxResults&quot;: 250,
    &quot;orderBy&quot;: &quot;startTime&quot;,
+   &quot;showDeleted&quot;: false,
    &quot;singleEvents&quot;: true,
    &quot;timeMax&quot;: &quot;2025-06-30T23:59:59Z&quot;,
    &quot;timeMin&quot;: &quot;2025-06-01T00:00:00Z&quot;,
  },

Number of calls: 1
    at Object.toHaveBeenCalledWith (D:\Local_Git\FinCRuM\src\services\__tests__\google-calendar.extended.test.ts:307:45)
    at processTicksAndRejections (node:internal/process/task_queues:105:5)</failure>
    </testcase>
    <testcase classname="Google Calendar Service - Extended Tests listCalendarEvents should use default time range if none provided" name="Google Calendar Service - Extended Tests listCalendarEvents should use default time range if none provided" time="0.004">
      <failure>Error: expect(received).toBeCloseTo(expected, precision)

Expected: 1748436226228
Received: NaN

Expected precision:    -3
Expected difference: &lt; 500
Received difference:   NaN
    at Object.toBeCloseTo (D:\Local_Git\FinCRuM\src\services\__tests__\google-calendar.extended.test.ts:325:52)
    at processTicksAndRejections (node:internal/process/task_queues:105:5)</failure>
    </testcase>
    <testcase classname="Google Calendar Service - Extended Tests token refresh should refresh expired tokens when needed" name="Google Calendar Service - Extended Tests token refresh should refresh expired tokens when needed" time="0.355">
      <failure>Error: Failed to list Google Calendar events: Failed to refresh Google Calendar access token: invalid_request. Please re-authenticate.
    at listCalendarEvents (D:\Local_Git\FinCRuM\src\services\google-calendar.ts:467:26)
    at processTicksAndRejections (node:internal/process/task_queues:105:5)
    at Object.&lt;anonymous&gt; (D:\Local_Git\FinCRuM\src\services\__tests__\google-calendar.extended.test.ts:337:22)</failure>
    </testcase>
  </testsuite>
</testsuites>